couldFetchPrice: true
actual:
    priceInCents: 19920
    currencyCode: USD
    currencySymbol: $
    formattedPrice: $199.20
withoutDiscount:
    priceInCents: 24900
    currencyCode: USD
    currencySymbol: $
    formattedPrice: $249
discount:
    active: true
    percentage: 20
    name: 'Flash sale'
    expiresAtTimestamp: '1606820400'
