couldFetchPrice: true
actual:
    priceInCents: 19920
    currencyCode: USD
    currencySymbol: $
    formattedPrice: { empty: false, notEmpty: true }
withoutDiscount:
    priceInCents: 24900
    currencyCode: USD
    currencySymbol: $
    formattedPrice: { empty: false, notEmpty: true }
discount:
    active: true
    percentage: 20
    name: 'Flash sale'
    expiresAtTimestamp: '1606820400'
